Archive member included to satisfy reference by file (symbol)

c:/intelfpga_lite/18.0/nios2eds/bin/gnu/h-x86_64-mingw32/bin/../lib/gcc/nios2-elf/5.3.0/mno-hw-mul\libgcc.a(mulsf3.o)
                              obj/default/hello_world_small.o (__mulsf3)
c:/intelfpga_lite/18.0/nios2eds/bin/gnu/h-x86_64-mingw32/bin/../lib/gcc/nios2-elf/5.3.0/mno-hw-mul\libgcc.a(fixsfsi.o)
                              obj/default/hello_world_small.o (__fixsfsi)
c:/intelfpga_lite/18.0/nios2eds/bin/gnu/h-x86_64-mingw32/bin/../lib/gcc/nios2-elf/5.3.0/mno-hw-mul\libgcc.a(_clzsi2.o)
                              c:/intelfpga_lite/18.0/nios2eds/bin/gnu/h-x86_64-mingw32/bin/../lib/gcc/nios2-elf/5.3.0/mno-hw-mul\libgcc.a(mulsf3.o) (__clzsi2)
c:/intelfpga_lite/18.0/nios2eds/bin/gnu/h-x86_64-mingw32/bin/../lib/gcc/nios2-elf/5.3.0/mno-hw-mul\libgcc.a(lib2-mul.o)
                              c:/intelfpga_lite/18.0/nios2eds/bin/gnu/h-x86_64-mingw32/bin/../lib/gcc/nios2-elf/5.3.0/mno-hw-mul\libgcc.a(mulsf3.o) (__mulsi3)
c:/intelfpga_lite/18.0/nios2eds/bin/gnu/h-x86_64-mingw32/bin/../lib/gcc/nios2-elf/5.3.0/mno-hw-mul\libgcc.a(_clz.o)
                              c:/intelfpga_lite/18.0/nios2eds/bin/gnu/h-x86_64-mingw32/bin/../lib/gcc/nios2-elf/5.3.0/mno-hw-mul\libgcc.a(_clzsi2.o) (__clz_tab)
../reloj_bsp/\libhal_bsp.a(alt_load.o)
                              ../reloj_bsp//obj/HAL/src/crt0.o (alt_load)
../reloj_bsp/\libhal_bsp.a(alt_main.o)
                              ../reloj_bsp//obj/HAL/src/crt0.o (alt_main)
../reloj_bsp/\libhal_bsp.a(alt_usleep.o)
                              obj/default/hello_world_small.o (usleep)
../reloj_bsp/\libhal_bsp.a(alt_sys_init.o)
                              ../reloj_bsp/\libhal_bsp.a(alt_main.o) (alt_irq_init)
../reloj_bsp/\libhal_bsp.a(alt_busy_sleep.o)
                              ../reloj_bsp/\libhal_bsp.a(alt_usleep.o) (alt_busy_sleep)
../reloj_bsp/\libhal_bsp.a(alt_dcache_flush_all.o)
                              ../reloj_bsp/\libhal_bsp.a(alt_load.o) (alt_dcache_flush_all)
../reloj_bsp/\libhal_bsp.a(alt_dev.o)
                              ../reloj_bsp/\libhal_bsp.a(alt_sys_init.o) (alt_dev_list)
../reloj_bsp/\libhal_bsp.a(alt_dev_llist_insert.o)
                              ../reloj_bsp/\libhal_bsp.a(alt_sys_init.o) (alt_dev_llist_insert)
../reloj_bsp/\libhal_bsp.a(alt_errno.o)
                              ../reloj_bsp/\libhal_bsp.a(alt_dev_llist_insert.o) (alt_errno)
../reloj_bsp/\libhal_bsp.a(alt_icache_flush_all.o)
                              ../reloj_bsp/\libhal_bsp.a(alt_load.o) (alt_icache_flush_all)
../reloj_bsp/\libhal_bsp.a(altera_nios2_gen2_irq.o)
                              ../reloj_bsp/\libhal_bsp.a(alt_sys_init.o) (altera_nios2_gen2_irq_init)
c:/intelfpga_lite/18.0/nios2eds/bin/gnu/h-x86_64-mingw32/bin/../lib/gcc/nios2-elf/5.3.0/../../../../../H-x86_64-mingw32/nios2-elf/lib/mno-hw-mul\libsmallc.a(lib_a-int_errno.o)
                              ../reloj_bsp/\libhal_bsp.a(alt_dev_llist_insert.o) (errno)
c:/intelfpga_lite/18.0/nios2eds/bin/gnu/h-x86_64-mingw32/bin/../lib/gcc/nios2-elf/5.3.0/mno-hw-mul\libgcc.a(lib2-divmod.o)
                              ../reloj_bsp/\libhal_bsp.a(alt_busy_sleep.o) (__udivsi3)

Allocating common symbols
Common symbol       size              file

errno               0x4               c:/intelfpga_lite/18.0/nios2eds/bin/gnu/h-x86_64-mingw32/bin/../lib/gcc/nios2-elf/5.3.0/../../../../../H-x86_64-mingw32/nios2-elf/lib/mno-hw-mul\libsmallc.a(lib_a-int_errno.o)

Memory Configuration

Name             Origin             Length             Attributes
reset            0x0000000000000000 0x0000000000000020
RAM              0x0000000000000020 0x000000000000ffe0
*default*        0x0000000000000000 0xffffffffffffffff

Linker script and memory map

LOAD ../reloj_bsp//obj/HAL/src/crt0.o
LOAD obj/default/hello_world_small.o
LOAD c:/intelfpga_lite/18.0/nios2eds/bin/gnu/h-x86_64-mingw32/bin/../lib/gcc/nios2-elf/5.3.0/../../../../../H-x86_64-mingw32/nios2-elf/lib/mno-hw-mul\libstdc++.a
LOAD c:/intelfpga_lite/18.0/nios2eds/bin/gnu/h-x86_64-mingw32/bin/../lib/gcc/nios2-elf/5.3.0/../../../../../H-x86_64-mingw32/nios2-elf/lib/mno-hw-mul\libm.a
LOAD c:/intelfpga_lite/18.0/nios2eds/bin/gnu/h-x86_64-mingw32/bin/../lib/gcc/nios2-elf/5.3.0/mno-hw-mul\libgcc.a
START GROUP
LOAD c:/intelfpga_lite/18.0/nios2eds/bin/gnu/h-x86_64-mingw32/bin/../lib/gcc/nios2-elf/5.3.0/../../../../../H-x86_64-mingw32/nios2-elf/lib/mno-hw-mul\libsmallc.a
LOAD c:/intelfpga_lite/18.0/nios2eds/bin/gnu/h-x86_64-mingw32/bin/../lib/gcc/nios2-elf/5.3.0/mno-hw-mul\libgcc.a
LOAD ../reloj_bsp/\libhal_bsp.a
LOAD c:/intelfpga_lite/18.0/nios2eds/bin/gnu/h-x86_64-mingw32/bin/../lib/gcc/nios2-elf/5.3.0/../../../../../H-x86_64-mingw32/nios2-elf/lib/mno-hw-mul\libm.a
END GROUP
LOAD c:/intelfpga_lite/18.0/nios2eds/bin/gnu/h-x86_64-mingw32/bin/../lib/gcc/nios2-elf/5.3.0/mno-hw-mul\libgcc.a
                0x0000000000000000                __alt_mem_RAM = 0x0

.entry          0x0000000000000000       0x20
 *(.entry)
 .entry         0x0000000000000000       0x20 ../reloj_bsp//obj/HAL/src/crt0.o
                0x0000000000000000                __reset
                0x000000000000000c                _exit

.exceptions     0x0000000000000020        0x0
                0x0000000000000020                PROVIDE (__ram_exceptions_start, ABSOLUTE (.))
                0x0000000000000020                . = ALIGN (0x20)
 *(.irq)
 *(.exceptions.entry.label)
 *(.exceptions.entry.user)
 *(.exceptions.entry.ecc_fatal)
 *(.exceptions.entry)
 *(.exceptions.irqtest.user)
 *(.exceptions.irqtest)
 *(.exceptions.irqhandler.user)
 *(.exceptions.irqhandler)
 *(.exceptions.irqreturn.user)
 *(.exceptions.irqreturn)
 *(.exceptions.notirq.label)
 *(.exceptions.notirq.user)
 *(.exceptions.notirq)
 *(.exceptions.soft.user)
 *(.exceptions.soft)
 *(.exceptions.unknown.user)
 *(.exceptions.unknown)
 *(.exceptions.exit.label)
 *(.exceptions.exit.user)
 *(.exceptions.exit)
 *(.exceptions)
                0x0000000000000020                PROVIDE (__ram_exceptions_end, ABSOLUTE (.))
                0x0000000000000020                PROVIDE (__flash_exceptions_start, LOADADDR (.exceptions))

.text           0x0000000000000020      0xa64
                [!provide]                        PROVIDE (stext, ABSOLUTE (.))
 *(.interp)
 *(.hash)
 *(.dynsym)
 *(.dynstr)
 *(.gnu.version)
 *(.gnu.version_d)
 *(.gnu.version_r)
 *(.rel.init)
 *(.rela.init)
 *(.rel.text .rel.text.* .rel.gnu.linkonce.t.*)
 *(.rela.text .rela.text.* .rela.gnu.linkonce.t.*)
 *(.rel.fini)
 *(.rela.fini)
 *(.rel.rodata .rel.rodata.* .rel.gnu.linkonce.r.*)
 *(.rela.rodata .rela.rodata.* .rela.gnu.linkonce.r.*)
 *(.rel.data .rel.data.* .rel.gnu.linkonce.d.*)
 *(.rela.data .rela.data.* .rela.gnu.linkonce.d.*)
 *(.rel.tdata .rel.tdata.* .rel.gnu.linkonce.td.*)
 *(.rela.tdata .rela.tdata.* .rela.gnu.linkonce.td.*)
 *(.rel.tbss .rel.tbss.* .rel.gnu.linkonce.tb.*)
 *(.rela.tbss .rela.tbss.* .rela.gnu.linkonce.tb.*)
 *(.rel.ctors)
 *(.rela.ctors)
 *(.rel.dtors)
 *(.rela.dtors)
 *(.rel.got)
 *(.rela.got)
 *(.rel.sdata .rel.sdata.* .rel.gnu.linkonce.s.*)
 *(.rela.sdata .rela.sdata.* .rela.gnu.linkonce.s.*)
 *(.rel.sbss .rel.sbss.* .rel.gnu.linkonce.sb.*)
 *(.rela.sbss .rela.sbss.* .rela.gnu.linkonce.sb.*)
 *(.rel.sdata2 .rel.sdata2.* .rel.gnu.linkonce.s2.*)
 *(.rela.sdata2 .rela.sdata2.* .rela.gnu.linkonce.s2.*)
 *(.rel.sbss2 .rel.sbss2.* .rel.gnu.linkonce.sb2.*)
 *(.rela.sbss2 .rela.sbss2.* .rela.gnu.linkonce.sb2.*)
 *(.rel.bss .rel.bss.* .rel.gnu.linkonce.b.*)
 *(.rela.bss .rela.bss.* .rela.gnu.linkonce.b.*)
 *(.rel.plt)
 *(.rela.plt)
 *(.rel.dyn)
 *(.init)
 *(.plt)
 *(.text .stub .text.* .gnu.linkonce.t.*)
 .text          0x0000000000000020       0x3c ../reloj_bsp//obj/HAL/src/crt0.o
                0x0000000000000020                _start
 .text          0x000000000000005c        0x0 obj/default/hello_world_small.o
 .text.startup  0x000000000000005c       0xd0 obj/default/hello_world_small.o
                0x000000000000005c                main
 .text          0x000000000000012c      0x430 c:/intelfpga_lite/18.0/nios2eds/bin/gnu/h-x86_64-mingw32/bin/../lib/gcc/nios2-elf/5.3.0/mno-hw-mul\libgcc.a(mulsf3.o)
                0x000000000000012c                __mulsf3
 .text          0x000000000000055c       0x70 c:/intelfpga_lite/18.0/nios2eds/bin/gnu/h-x86_64-mingw32/bin/../lib/gcc/nios2-elf/5.3.0/mno-hw-mul\libgcc.a(fixsfsi.o)
                0x000000000000055c                __fixsfsi
 .text          0x00000000000005cc       0x64 c:/intelfpga_lite/18.0/nios2eds/bin/gnu/h-x86_64-mingw32/bin/../lib/gcc/nios2-elf/5.3.0/mno-hw-mul\libgcc.a(_clzsi2.o)
                0x00000000000005cc                __clzsi2
 .text          0x0000000000000630       0x28 c:/intelfpga_lite/18.0/nios2eds/bin/gnu/h-x86_64-mingw32/bin/../lib/gcc/nios2-elf/5.3.0/mno-hw-mul\libgcc.a(lib2-mul.o)
                0x0000000000000630                __mulsi3
 .text          0x0000000000000658        0x0 c:/intelfpga_lite/18.0/nios2eds/bin/gnu/h-x86_64-mingw32/bin/../lib/gcc/nios2-elf/5.3.0/mno-hw-mul\libgcc.a(_clz.o)
 .text          0x0000000000000658       0xe0 ../reloj_bsp/\libhal_bsp.a(alt_load.o)
                0x0000000000000658                alt_load
 .text          0x0000000000000738       0x2c ../reloj_bsp/\libhal_bsp.a(alt_main.o)
                0x0000000000000738                alt_main
 .text          0x0000000000000764        0x4 ../reloj_bsp/\libhal_bsp.a(alt_usleep.o)
                0x0000000000000764                usleep
 .text          0x0000000000000768       0x5c ../reloj_bsp/\libhal_bsp.a(alt_sys_init.o)
                0x0000000000000768                alt_irq_init
                0x0000000000000788                alt_sys_init
 .text          0x00000000000007c4       0x88 ../reloj_bsp/\libhal_bsp.a(alt_busy_sleep.o)
                0x00000000000007c4                alt_busy_sleep
 .text          0x000000000000084c        0x4 ../reloj_bsp/\libhal_bsp.a(alt_dcache_flush_all.o)
                0x000000000000084c                alt_dcache_flush_all
 .text          0x0000000000000850        0x8 ../reloj_bsp/\libhal_bsp.a(alt_dev.o)
 .text          0x0000000000000858       0x6c ../reloj_bsp/\libhal_bsp.a(alt_dev_llist_insert.o)
                0x0000000000000858                alt_dev_llist_insert
 .text          0x00000000000008c4        0x0 ../reloj_bsp/\libhal_bsp.a(alt_errno.o)
 .text          0x00000000000008c4        0x4 ../reloj_bsp/\libhal_bsp.a(alt_icache_flush_all.o)
                0x00000000000008c4                alt_icache_flush_all
 .text          0x00000000000008c8        0x8 ../reloj_bsp/\libhal_bsp.a(altera_nios2_gen2_irq.o)
                0x00000000000008c8                altera_nios2_gen2_irq_init
 .text          0x00000000000008d0        0x0 c:/intelfpga_lite/18.0/nios2eds/bin/gnu/h-x86_64-mingw32/bin/../lib/gcc/nios2-elf/5.3.0/../../../../../H-x86_64-mingw32/nios2-elf/lib/mno-hw-mul\libsmallc.a(lib_a-int_errno.o)
 .text          0x00000000000008d0      0x1b4 c:/intelfpga_lite/18.0/nios2eds/bin/gnu/h-x86_64-mingw32/bin/../lib/gcc/nios2-elf/5.3.0/mno-hw-mul\libgcc.a(lib2-divmod.o)
                0x00000000000008d0                __divsi3
                0x0000000000000954                __modsi3
                0x00000000000009c8                __udivsi3
                0x0000000000000a2c                __umodsi3
 *(.gnu.warning.*)
 *(.fini)
                [!provide]                        PROVIDE (__etext, ABSOLUTE (.))
                [!provide]                        PROVIDE (_etext, ABSOLUTE (.))
                [!provide]                        PROVIDE (etext, ABSOLUTE (.))
 *(.eh_frame_hdr)
                0x0000000000000a84                . = ALIGN (0x4)
                [!provide]                        PROVIDE (__preinit_array_start, ABSOLUTE (.))
 *(.preinit_array)
                [!provide]                        PROVIDE (__preinit_array_end, ABSOLUTE (.))
                [!provide]                        PROVIDE (__init_array_start, ABSOLUTE (.))
 *(.init_array)
                [!provide]                        PROVIDE (__init_array_end, ABSOLUTE (.))
                [!provide]                        PROVIDE (__fini_array_start, ABSOLUTE (.))
 *(.fini_array)
                [!provide]                        PROVIDE (__fini_array_end, ABSOLUTE (.))
 *(.eh_frame)
 *(.gcc_except_table .gcc_except_table.*)
 *(.dynamic)
                [!provide]                        PROVIDE (__CTOR_LIST__, ABSOLUTE (.))
 *(.ctors)
 *(SORT(.ctors.*))
                [!provide]                        PROVIDE (__CTOR_END__, ABSOLUTE (.))
                [!provide]                        PROVIDE (__DTOR_LIST__, ABSOLUTE (.))
 *(.dtors)
 *(SORT(.dtors.*))
                [!provide]                        PROVIDE (__DTOR_END__, ABSOLUTE (.))
 *(.jcr)
                0x0000000000000a84                . = ALIGN (0x4)

.rodata         0x0000000000000a84      0x12c
                0x0000000000000a84                PROVIDE (__ram_rodata_start, ABSOLUTE (.))
                0x0000000000000a84                . = ALIGN (0x4)
 *(.rodata .rodata.* .gnu.linkonce.r.*)
 .rodata        0x0000000000000a84      0x100 c:/intelfpga_lite/18.0/nios2eds/bin/gnu/h-x86_64-mingw32/bin/../lib/gcc/nios2-elf/5.3.0/mno-hw-mul\libgcc.a(_clz.o)
                0x0000000000000a84                __clz_tab
 .rodata.str1.4
                0x0000000000000b84       0x1e ../reloj_bsp/\libhal_bsp.a(alt_sys_init.o)
 *fill*         0x0000000000000ba2        0x2 
 .rodata.str1.4
                0x0000000000000ba4        0xc ../reloj_bsp/\libhal_bsp.a(alt_dev.o)
                                          0xa (size before relaxing)
 *(.rodata1)
                0x0000000000000bb0                . = ALIGN (0x4)
                0x0000000000000bb0                PROVIDE (__ram_rodata_end, ABSOLUTE (.))
                0x0000000000000a84                PROVIDE (__flash_rodata_start, LOADADDR (.rodata))

.rwdata         0x0000000000000bb0       0xfc load address 0x0000000000000cac
                0x0000000000000bb0                PROVIDE (__ram_rwdata_start, ABSOLUTE (.))
                0x0000000000000bb0                . = ALIGN (0x4)
 *(.got.plt)
 *(.got)
 *(.data1)
 *(.data .data.* .gnu.linkonce.d.*)
 .data          0x0000000000000bb0        0x0 ../reloj_bsp//obj/HAL/src/crt0.o
 .data          0x0000000000000bb0       0x28 obj/default/hello_world_small.o
                0x0000000000000bb0                notes
 .data          0x0000000000000bd8        0x0 c:/intelfpga_lite/18.0/nios2eds/bin/gnu/h-x86_64-mingw32/bin/../lib/gcc/nios2-elf/5.3.0/mno-hw-mul\libgcc.a(mulsf3.o)
 .data          0x0000000000000bd8        0x0 c:/intelfpga_lite/18.0/nios2eds/bin/gnu/h-x86_64-mingw32/bin/../lib/gcc/nios2-elf/5.3.0/mno-hw-mul\libgcc.a(fixsfsi.o)
 .data          0x0000000000000bd8        0x0 c:/intelfpga_lite/18.0/nios2eds/bin/gnu/h-x86_64-mingw32/bin/../lib/gcc/nios2-elf/5.3.0/mno-hw-mul\libgcc.a(_clzsi2.o)
 .data          0x0000000000000bd8        0x0 c:/intelfpga_lite/18.0/nios2eds/bin/gnu/h-x86_64-mingw32/bin/../lib/gcc/nios2-elf/5.3.0/mno-hw-mul\libgcc.a(lib2-mul.o)
 .data          0x0000000000000bd8        0x0 c:/intelfpga_lite/18.0/nios2eds/bin/gnu/h-x86_64-mingw32/bin/../lib/gcc/nios2-elf/5.3.0/mno-hw-mul\libgcc.a(_clz.o)
 .data          0x0000000000000bd8        0x0 ../reloj_bsp/\libhal_bsp.a(alt_load.o)
 .data          0x0000000000000bd8        0x0 ../reloj_bsp/\libhal_bsp.a(alt_main.o)
 .data          0x0000000000000bd8        0x0 ../reloj_bsp/\libhal_bsp.a(alt_usleep.o)
 .data          0x0000000000000bd8       0x60 ../reloj_bsp/\libhal_bsp.a(alt_sys_init.o)
 .data          0x0000000000000c38        0x0 ../reloj_bsp/\libhal_bsp.a(alt_busy_sleep.o)
 .data          0x0000000000000c38        0x0 ../reloj_bsp/\libhal_bsp.a(alt_dcache_flush_all.o)
 .data          0x0000000000000c38       0x58 ../reloj_bsp/\libhal_bsp.a(alt_dev.o)
                0x0000000000000c38                alt_fd_list
                0x0000000000000c68                alt_dev_null
 .data          0x0000000000000c90        0x0 ../reloj_bsp/\libhal_bsp.a(alt_dev_llist_insert.o)
 .data          0x0000000000000c90        0x0 ../reloj_bsp/\libhal_bsp.a(alt_errno.o)
 .data          0x0000000000000c90        0x0 ../reloj_bsp/\libhal_bsp.a(alt_icache_flush_all.o)
 .data          0x0000000000000c90        0x0 ../reloj_bsp/\libhal_bsp.a(altera_nios2_gen2_irq.o)
 .data          0x0000000000000c90        0x0 c:/intelfpga_lite/18.0/nios2eds/bin/gnu/h-x86_64-mingw32/bin/../lib/gcc/nios2-elf/5.3.0/../../../../../H-x86_64-mingw32/nios2-elf/lib/mno-hw-mul\libsmallc.a(lib_a-int_errno.o)
 .data          0x0000000000000c90        0x0 c:/intelfpga_lite/18.0/nios2eds/bin/gnu/h-x86_64-mingw32/bin/../lib/gcc/nios2-elf/5.3.0/mno-hw-mul\libgcc.a(lib2-divmod.o)
                0x0000000000008c90                _gp = ABSOLUTE ((. + 0x8000))
                [!provide]                        PROVIDE (gp, _gp)
 *(.rwdata .rwdata.*)
 *(.sdata .sdata.* .gnu.linkonce.s.*)
 .sdata         0x0000000000000c90        0x4 ../reloj_bsp/\libhal_bsp.a(alt_sys_init.o)
                0x0000000000000c90                UART
 .sdata         0x0000000000000c94       0x14 ../reloj_bsp/\libhal_bsp.a(alt_dev.o)
                0x0000000000000c94                alt_max_fd
                0x0000000000000c98                alt_dev_list
                0x0000000000000ca0                alt_fs_list
 .sdata         0x0000000000000ca8        0x4 ../reloj_bsp/\libhal_bsp.a(alt_errno.o)
                0x0000000000000ca8                alt_errno
 *(.sdata2 .sdata2.* .gnu.linkonce.s2.*)
                0x0000000000000cac                . = ALIGN (0x4)
                0x0000000000000cac                _edata = ABSOLUTE (.)
                [!provide]                        PROVIDE (edata, ABSOLUTE (.))
                0x0000000000000cac                PROVIDE (__ram_rwdata_end, ABSOLUTE (.))
                0x0000000000000cac                PROVIDE (__flash_rwdata_start, LOADADDR (.rwdata))

.bss            0x0000000000000da8       0x10
                0x0000000000000da8                __bss_start = ABSOLUTE (.)
                [!provide]                        PROVIDE (__sbss_start, ABSOLUTE (.))
                [!provide]                        PROVIDE (___sbss_start, ABSOLUTE (.))
 *(.dynsbss)
 *(.sbss .sbss.* .gnu.linkonce.sb.*)
 .sbss          0x0000000000000da8        0xc ../reloj_bsp/\libhal_bsp.a(alt_main.o)
                0x0000000000000da8                alt_envp
                0x0000000000000dac                alt_argv
                0x0000000000000db0                alt_argc
 .sbss          0x0000000000000db4        0x4 c:/intelfpga_lite/18.0/nios2eds/bin/gnu/h-x86_64-mingw32/bin/../lib/gcc/nios2-elf/5.3.0/../../../../../H-x86_64-mingw32/nios2-elf/lib/mno-hw-mul\libsmallc.a(lib_a-int_errno.o)
                0x0000000000000db4                errno
 *(.sbss2 .sbss2.* .gnu.linkonce.sb2.*)
 *(.scommon)
                [!provide]                        PROVIDE (__sbss_end, ABSOLUTE (.))
                [!provide]                        PROVIDE (___sbss_end, ABSOLUTE (.))
 *(.dynbss)
 *(.bss .bss.* .gnu.linkonce.b.*)
 .bss           0x0000000000000db8        0x0 ../reloj_bsp//obj/HAL/src/crt0.o
 .bss           0x0000000000000db8        0x0 obj/default/hello_world_small.o
 .bss           0x0000000000000db8        0x0 c:/intelfpga_lite/18.0/nios2eds/bin/gnu/h-x86_64-mingw32/bin/../lib/gcc/nios2-elf/5.3.0/mno-hw-mul\libgcc.a(mulsf3.o)
 .bss           0x0000000000000db8        0x0 c:/intelfpga_lite/18.0/nios2eds/bin/gnu/h-x86_64-mingw32/bin/../lib/gcc/nios2-elf/5.3.0/mno-hw-mul\libgcc.a(fixsfsi.o)
 .bss           0x0000000000000db8        0x0 c:/intelfpga_lite/18.0/nios2eds/bin/gnu/h-x86_64-mingw32/bin/../lib/gcc/nios2-elf/5.3.0/mno-hw-mul\libgcc.a(_clzsi2.o)
 .bss           0x0000000000000db8        0x0 c:/intelfpga_lite/18.0/nios2eds/bin/gnu/h-x86_64-mingw32/bin/../lib/gcc/nios2-elf/5.3.0/mno-hw-mul\libgcc.a(lib2-mul.o)
 .bss           0x0000000000000db8        0x0 c:/intelfpga_lite/18.0/nios2eds/bin/gnu/h-x86_64-mingw32/bin/../lib/gcc/nios2-elf/5.3.0/mno-hw-mul\libgcc.a(_clz.o)
 .bss           0x0000000000000db8        0x0 ../reloj_bsp/\libhal_bsp.a(alt_load.o)
 .bss           0x0000000000000db8        0x0 ../reloj_bsp/\libhal_bsp.a(alt_main.o)
 .bss           0x0000000000000db8        0x0 ../reloj_bsp/\libhal_bsp.a(alt_usleep.o)
 .bss           0x0000000000000db8        0x0 ../reloj_bsp/\libhal_bsp.a(alt_sys_init.o)
 .bss           0x0000000000000db8        0x0 ../reloj_bsp/\libhal_bsp.a(alt_busy_sleep.o)
 .bss           0x0000000000000db8        0x0 ../reloj_bsp/\libhal_bsp.a(alt_dcache_flush_all.o)
 .bss           0x0000000000000db8        0x0 ../reloj_bsp/\libhal_bsp.a(alt_dev.o)
 .bss           0x0000000000000db8        0x0 ../reloj_bsp/\libhal_bsp.a(alt_dev_llist_insert.o)
 .bss           0x0000000000000db8        0x0 ../reloj_bsp/\libhal_bsp.a(alt_errno.o)
 .bss           0x0000000000000db8        0x0 ../reloj_bsp/\libhal_bsp.a(alt_icache_flush_all.o)
 .bss           0x0000000000000db8        0x0 ../reloj_bsp/\libhal_bsp.a(altera_nios2_gen2_irq.o)
 .bss           0x0000000000000db8        0x0 c:/intelfpga_lite/18.0/nios2eds/bin/gnu/h-x86_64-mingw32/bin/../lib/gcc/nios2-elf/5.3.0/../../../../../H-x86_64-mingw32/nios2-elf/lib/mno-hw-mul\libsmallc.a(lib_a-int_errno.o)
 .bss           0x0000000000000db8        0x0 c:/intelfpga_lite/18.0/nios2eds/bin/gnu/h-x86_64-mingw32/bin/../lib/gcc/nios2-elf/5.3.0/mno-hw-mul\libgcc.a(lib2-divmod.o)
 *(COMMON)
                0x0000000000000db8                . = ALIGN (0x4)
                0x0000000000000db8                __bss_end = ABSOLUTE (.)

.RAM            0x0000000000000db8        0x0
                [!provide]                        PROVIDE (_alt_partition_RAM_start, ABSOLUTE (.))
 *(.RAM .RAM. RAM.*)
                0x0000000000000db8                . = ALIGN (0x4)
                [!provide]                        PROVIDE (_alt_partition_RAM_end, ABSOLUTE (.))
                0x0000000000000db8                _end = ABSOLUTE (.)
                0x0000000000000db8                end = ABSOLUTE (.)
                0x0000000000000db8                __alt_stack_base = ABSOLUTE (.)
                [!provide]                        PROVIDE (_alt_partition_RAM_load_addr, LOADADDR (.RAM))

.stab
 *(.stab)

.stabstr
 *(.stabstr)

.stab.excl
 *(.stab.excl)

.stab.exclstr
 *(.stab.exclstr)

.stab.index
 *(.stab.index)

.stab.indexstr
 *(.stab.indexstr)

.comment        0x0000000000000000       0x23
 *(.comment)
 .comment       0x0000000000000000       0x23 obj/default/hello_world_small.o
                                         0x24 (size before relaxing)
 .comment       0x0000000000000023       0x24 c:/intelfpga_lite/18.0/nios2eds/bin/gnu/h-x86_64-mingw32/bin/../lib/gcc/nios2-elf/5.3.0/mno-hw-mul\libgcc.a(mulsf3.o)
 .comment       0x0000000000000023       0x24 c:/intelfpga_lite/18.0/nios2eds/bin/gnu/h-x86_64-mingw32/bin/../lib/gcc/nios2-elf/5.3.0/mno-hw-mul\libgcc.a(fixsfsi.o)
 .comment       0x0000000000000023       0x24 c:/intelfpga_lite/18.0/nios2eds/bin/gnu/h-x86_64-mingw32/bin/../lib/gcc/nios2-elf/5.3.0/mno-hw-mul\libgcc.a(_clzsi2.o)
 .comment       0x0000000000000023       0x24 c:/intelfpga_lite/18.0/nios2eds/bin/gnu/h-x86_64-mingw32/bin/../lib/gcc/nios2-elf/5.3.0/mno-hw-mul\libgcc.a(lib2-mul.o)
 .comment       0x0000000000000023       0x24 c:/intelfpga_lite/18.0/nios2eds/bin/gnu/h-x86_64-mingw32/bin/../lib/gcc/nios2-elf/5.3.0/mno-hw-mul\libgcc.a(_clz.o)
 .comment       0x0000000000000023       0x24 ../reloj_bsp/\libhal_bsp.a(alt_load.o)
 .comment       0x0000000000000023       0x24 ../reloj_bsp/\libhal_bsp.a(alt_main.o)
 .comment       0x0000000000000023       0x24 ../reloj_bsp/\libhal_bsp.a(alt_usleep.o)
 .comment       0x0000000000000023       0x24 ../reloj_bsp/\libhal_bsp.a(alt_sys_init.o)
 .comment       0x0000000000000023       0x24 ../reloj_bsp/\libhal_bsp.a(alt_busy_sleep.o)
 .comment       0x0000000000000023       0x24 ../reloj_bsp/\libhal_bsp.a(alt_dcache_flush_all.o)
 .comment       0x0000000000000023       0x24 ../reloj_bsp/\libhal_bsp.a(alt_dev.o)
 .comment       0x0000000000000023       0x24 ../reloj_bsp/\libhal_bsp.a(alt_dev_llist_insert.o)
 .comment       0x0000000000000023       0x24 ../reloj_bsp/\libhal_bsp.a(alt_errno.o)
 .comment       0x0000000000000023       0x24 ../reloj_bsp/\libhal_bsp.a(alt_icache_flush_all.o)
 .comment       0x0000000000000023       0x24 ../reloj_bsp/\libhal_bsp.a(altera_nios2_gen2_irq.o)
 .comment       0x0000000000000023       0x24 c:/intelfpga_lite/18.0/nios2eds/bin/gnu/h-x86_64-mingw32/bin/../lib/gcc/nios2-elf/5.3.0/../../../../../H-x86_64-mingw32/nios2-elf/lib/mno-hw-mul\libsmallc.a(lib_a-int_errno.o)
 .comment       0x0000000000000023       0x24 c:/intelfpga_lite/18.0/nios2eds/bin/gnu/h-x86_64-mingw32/bin/../lib/gcc/nios2-elf/5.3.0/mno-hw-mul\libgcc.a(lib2-divmod.o)

.debug
 *(.debug)

.line
 *(.line)

.debug_srcinfo
 *(.debug_srcinfo)

.debug_sfnames
 *(.debug_sfnames)

.debug_aranges  0x0000000000000000      0x270
 *(.debug_aranges)
 .debug_aranges
                0x0000000000000000       0x28 ../reloj_bsp//obj/HAL/src/crt0.o
 .debug_aranges
                0x0000000000000028       0x20 obj/default/hello_world_small.o
 .debug_aranges
                0x0000000000000048       0x20 c:/intelfpga_lite/18.0/nios2eds/bin/gnu/h-x86_64-mingw32/bin/../lib/gcc/nios2-elf/5.3.0/mno-hw-mul\libgcc.a(mulsf3.o)
 .debug_aranges
                0x0000000000000068       0x20 c:/intelfpga_lite/18.0/nios2eds/bin/gnu/h-x86_64-mingw32/bin/../lib/gcc/nios2-elf/5.3.0/mno-hw-mul\libgcc.a(fixsfsi.o)
 .debug_aranges
                0x0000000000000088       0x20 c:/intelfpga_lite/18.0/nios2eds/bin/gnu/h-x86_64-mingw32/bin/../lib/gcc/nios2-elf/5.3.0/mno-hw-mul\libgcc.a(_clzsi2.o)
 .debug_aranges
                0x00000000000000a8       0x20 c:/intelfpga_lite/18.0/nios2eds/bin/gnu/h-x86_64-mingw32/bin/../lib/gcc/nios2-elf/5.3.0/mno-hw-mul\libgcc.a(lib2-mul.o)
 .debug_aranges
                0x00000000000000c8       0x18 c:/intelfpga_lite/18.0/nios2eds/bin/gnu/h-x86_64-mingw32/bin/../lib/gcc/nios2-elf/5.3.0/mno-hw-mul\libgcc.a(_clz.o)
 .debug_aranges
                0x00000000000000e0       0x20 ../reloj_bsp/\libhal_bsp.a(alt_load.o)
 .debug_aranges
                0x0000000000000100       0x20 ../reloj_bsp/\libhal_bsp.a(alt_main.o)
 .debug_aranges
                0x0000000000000120       0x20 ../reloj_bsp/\libhal_bsp.a(alt_usleep.o)
 .debug_aranges
                0x0000000000000140       0x20 ../reloj_bsp/\libhal_bsp.a(alt_sys_init.o)
 .debug_aranges
                0x0000000000000160       0x20 ../reloj_bsp/\libhal_bsp.a(alt_busy_sleep.o)
 .debug_aranges
                0x0000000000000180       0x20 ../reloj_bsp/\libhal_bsp.a(alt_dcache_flush_all.o)
 .debug_aranges
                0x00000000000001a0       0x20 ../reloj_bsp/\libhal_bsp.a(alt_dev.o)
 .debug_aranges
                0x00000000000001c0       0x20 ../reloj_bsp/\libhal_bsp.a(alt_dev_llist_insert.o)
 .debug_aranges
                0x00000000000001e0       0x18 ../reloj_bsp/\libhal_bsp.a(alt_errno.o)
 .debug_aranges
                0x00000000000001f8       0x20 ../reloj_bsp/\libhal_bsp.a(alt_icache_flush_all.o)
 .debug_aranges
                0x0000000000000218       0x20 ../reloj_bsp/\libhal_bsp.a(altera_nios2_gen2_irq.o)
 .debug_aranges
                0x0000000000000238       0x18 c:/intelfpga_lite/18.0/nios2eds/bin/gnu/h-x86_64-mingw32/bin/../lib/gcc/nios2-elf/5.3.0/../../../../../H-x86_64-mingw32/nios2-elf/lib/mno-hw-mul\libsmallc.a(lib_a-int_errno.o)
 .debug_aranges
                0x0000000000000250       0x20 c:/intelfpga_lite/18.0/nios2eds/bin/gnu/h-x86_64-mingw32/bin/../lib/gcc/nios2-elf/5.3.0/mno-hw-mul\libgcc.a(lib2-divmod.o)

.debug_pubnames
 *(.debug_pubnames)

.debug_info     0x0000000000000000     0x1f69
 *(.debug_info .gnu.linkonce.wi.*)
 .debug_info    0x0000000000000000       0x62 ../reloj_bsp//obj/HAL/src/crt0.o
 .debug_info    0x0000000000000062      0x17b obj/default/hello_world_small.o
 .debug_info    0x00000000000001dd      0x31d c:/intelfpga_lite/18.0/nios2eds/bin/gnu/h-x86_64-mingw32/bin/../lib/gcc/nios2-elf/5.3.0/mno-hw-mul\libgcc.a(mulsf3.o)
 .debug_info    0x00000000000004fa      0x18b c:/intelfpga_lite/18.0/nios2eds/bin/gnu/h-x86_64-mingw32/bin/../lib/gcc/nios2-elf/5.3.0/mno-hw-mul\libgcc.a(fixsfsi.o)
 .debug_info    0x0000000000000685      0x124 c:/intelfpga_lite/18.0/nios2eds/bin/gnu/h-x86_64-mingw32/bin/../lib/gcc/nios2-elf/5.3.0/mno-hw-mul\libgcc.a(_clzsi2.o)
 .debug_info    0x00000000000007a9       0xb4 c:/intelfpga_lite/18.0/nios2eds/bin/gnu/h-x86_64-mingw32/bin/../lib/gcc/nios2-elf/5.3.0/mno-hw-mul\libgcc.a(lib2-mul.o)
 .debug_info    0x000000000000085d       0xb2 c:/intelfpga_lite/18.0/nios2eds/bin/gnu/h-x86_64-mingw32/bin/../lib/gcc/nios2-elf/5.3.0/mno-hw-mul\libgcc.a(_clz.o)
 .debug_info    0x000000000000090f      0x1c9 ../reloj_bsp/\libhal_bsp.a(alt_load.o)
 .debug_info    0x0000000000000ad8      0x18f ../reloj_bsp/\libhal_bsp.a(alt_main.o)
 .debug_info    0x0000000000000c67       0xd1 ../reloj_bsp/\libhal_bsp.a(alt_usleep.o)
 .debug_info    0x0000000000000d38      0x53b ../reloj_bsp/\libhal_bsp.a(alt_sys_init.o)
 .debug_info    0x0000000000001273       0xd8 ../reloj_bsp/\libhal_bsp.a(alt_busy_sleep.o)
 .debug_info    0x000000000000134b       0x92 ../reloj_bsp/\libhal_bsp.a(alt_dcache_flush_all.o)
 .debug_info    0x00000000000013dd      0x499 ../reloj_bsp/\libhal_bsp.a(alt_dev.o)
 .debug_info    0x0000000000001876      0x1b3 ../reloj_bsp/\libhal_bsp.a(alt_dev_llist_insert.o)
 .debug_info    0x0000000000001a29       0xa6 ../reloj_bsp/\libhal_bsp.a(alt_errno.o)
 .debug_info    0x0000000000001acf       0x92 ../reloj_bsp/\libhal_bsp.a(alt_icache_flush_all.o)
 .debug_info    0x0000000000001b61       0xb8 ../reloj_bsp/\libhal_bsp.a(altera_nios2_gen2_irq.o)
 .debug_info    0x0000000000001c19       0x8a c:/intelfpga_lite/18.0/nios2eds/bin/gnu/h-x86_64-mingw32/bin/../lib/gcc/nios2-elf/5.3.0/../../../../../H-x86_64-mingw32/nios2-elf/lib/mno-hw-mul\libsmallc.a(lib_a-int_errno.o)
 .debug_info    0x0000000000001ca3      0x2c6 c:/intelfpga_lite/18.0/nios2eds/bin/gnu/h-x86_64-mingw32/bin/../lib/gcc/nios2-elf/5.3.0/mno-hw-mul\libgcc.a(lib2-divmod.o)

.debug_abbrev   0x0000000000000000      0xe3e
 *(.debug_abbrev)
 .debug_abbrev  0x0000000000000000       0x12 ../reloj_bsp//obj/HAL/src/crt0.o
 .debug_abbrev  0x0000000000000012       0xf8 obj/default/hello_world_small.o
 .debug_abbrev  0x000000000000010a      0x12d c:/intelfpga_lite/18.0/nios2eds/bin/gnu/h-x86_64-mingw32/bin/../lib/gcc/nios2-elf/5.3.0/mno-hw-mul\libgcc.a(mulsf3.o)
 .debug_abbrev  0x0000000000000237      0x135 c:/intelfpga_lite/18.0/nios2eds/bin/gnu/h-x86_64-mingw32/bin/../lib/gcc/nios2-elf/5.3.0/mno-hw-mul\libgcc.a(fixsfsi.o)
 .debug_abbrev  0x000000000000036c       0xbe c:/intelfpga_lite/18.0/nios2eds/bin/gnu/h-x86_64-mingw32/bin/../lib/gcc/nios2-elf/5.3.0/mno-hw-mul\libgcc.a(_clzsi2.o)
 .debug_abbrev  0x000000000000042a       0x6f c:/intelfpga_lite/18.0/nios2eds/bin/gnu/h-x86_64-mingw32/bin/../lib/gcc/nios2-elf/5.3.0/mno-hw-mul\libgcc.a(lib2-mul.o)
 .debug_abbrev  0x0000000000000499       0x5d c:/intelfpga_lite/18.0/nios2eds/bin/gnu/h-x86_64-mingw32/bin/../lib/gcc/nios2-elf/5.3.0/mno-hw-mul\libgcc.a(_clz.o)
 .debug_abbrev  0x00000000000004f6       0xd8 ../reloj_bsp/\libhal_bsp.a(alt_load.o)
 .debug_abbrev  0x00000000000005ce       0xf5 ../reloj_bsp/\libhal_bsp.a(alt_main.o)
 .debug_abbrev  0x00000000000006c3       0x8d ../reloj_bsp/\libhal_bsp.a(alt_usleep.o)
 .debug_abbrev  0x0000000000000750      0x1e2 ../reloj_bsp/\libhal_bsp.a(alt_sys_init.o)
 .debug_abbrev  0x0000000000000932       0x8d ../reloj_bsp/\libhal_bsp.a(alt_busy_sleep.o)
 .debug_abbrev  0x00000000000009bf       0x42 ../reloj_bsp/\libhal_bsp.a(alt_dcache_flush_all.o)
 .debug_abbrev  0x0000000000000a01       0xd9 ../reloj_bsp/\libhal_bsp.a(alt_dev.o)
 .debug_abbrev  0x0000000000000ada      0x11c ../reloj_bsp/\libhal_bsp.a(alt_dev_llist_insert.o)
 .debug_abbrev  0x0000000000000bf6       0x5a ../reloj_bsp/\libhal_bsp.a(alt_errno.o)
 .debug_abbrev  0x0000000000000c50       0x42 ../reloj_bsp/\libhal_bsp.a(alt_icache_flush_all.o)
 .debug_abbrev  0x0000000000000c92       0x67 ../reloj_bsp/\libhal_bsp.a(altera_nios2_gen2_irq.o)
 .debug_abbrev  0x0000000000000cf9       0x37 c:/intelfpga_lite/18.0/nios2eds/bin/gnu/h-x86_64-mingw32/bin/../lib/gcc/nios2-elf/5.3.0/../../../../../H-x86_64-mingw32/nios2-elf/lib/mno-hw-mul\libsmallc.a(lib_a-int_errno.o)
 .debug_abbrev  0x0000000000000d30      0x10e c:/intelfpga_lite/18.0/nios2eds/bin/gnu/h-x86_64-mingw32/bin/../lib/gcc/nios2-elf/5.3.0/mno-hw-mul\libgcc.a(lib2-divmod.o)

.debug_line     0x0000000000000000      0xe41
 *(.debug_line)
 .debug_line    0x0000000000000000       0x66 ../reloj_bsp//obj/HAL/src/crt0.o
 .debug_line    0x0000000000000066       0xf4 obj/default/hello_world_small.o
 .debug_line    0x000000000000015a      0x15c c:/intelfpga_lite/18.0/nios2eds/bin/gnu/h-x86_64-mingw32/bin/../lib/gcc/nios2-elf/5.3.0/mno-hw-mul\libgcc.a(mulsf3.o)
 .debug_line    0x00000000000002b6       0x9a c:/intelfpga_lite/18.0/nios2eds/bin/gnu/h-x86_64-mingw32/bin/../lib/gcc/nios2-elf/5.3.0/mno-hw-mul\libgcc.a(fixsfsi.o)
 .debug_line    0x0000000000000350       0xbd c:/intelfpga_lite/18.0/nios2eds/bin/gnu/h-x86_64-mingw32/bin/../lib/gcc/nios2-elf/5.3.0/mno-hw-mul\libgcc.a(_clzsi2.o)
 .debug_line    0x000000000000040d       0x80 c:/intelfpga_lite/18.0/nios2eds/bin/gnu/h-x86_64-mingw32/bin/../lib/gcc/nios2-elf/5.3.0/mno-hw-mul\libgcc.a(lib2-mul.o)
 .debug_line    0x000000000000048d       0x56 c:/intelfpga_lite/18.0/nios2eds/bin/gnu/h-x86_64-mingw32/bin/../lib/gcc/nios2-elf/5.3.0/mno-hw-mul\libgcc.a(_clz.o)
 .debug_line    0x00000000000004e3       0xa4 ../reloj_bsp/\libhal_bsp.a(alt_load.o)
 .debug_line    0x0000000000000587       0xea ../reloj_bsp/\libhal_bsp.a(alt_main.o)
 .debug_line    0x0000000000000671       0xcf ../reloj_bsp/\libhal_bsp.a(alt_usleep.o)
 .debug_line    0x0000000000000740      0x1a1 ../reloj_bsp/\libhal_bsp.a(alt_sys_init.o)
 .debug_line    0x00000000000008e1       0xb5 ../reloj_bsp/\libhal_bsp.a(alt_busy_sleep.o)
 .debug_line    0x0000000000000996       0x4e ../reloj_bsp/\libhal_bsp.a(alt_dcache_flush_all.o)
 .debug_line    0x00000000000009e4       0xf6 ../reloj_bsp/\libhal_bsp.a(alt_dev.o)
 .debug_line    0x0000000000000ada       0xd8 ../reloj_bsp/\libhal_bsp.a(alt_dev_llist_insert.o)
 .debug_line    0x0000000000000bb2       0x51 ../reloj_bsp/\libhal_bsp.a(alt_errno.o)
 .debug_line    0x0000000000000c03       0x4e ../reloj_bsp/\libhal_bsp.a(alt_icache_flush_all.o)
 .debug_line    0x0000000000000c51       0x8c ../reloj_bsp/\libhal_bsp.a(altera_nios2_gen2_irq.o)
 .debug_line    0x0000000000000cdd       0x5f c:/intelfpga_lite/18.0/nios2eds/bin/gnu/h-x86_64-mingw32/bin/../lib/gcc/nios2-elf/5.3.0/../../../../../H-x86_64-mingw32/nios2-elf/lib/mno-hw-mul\libsmallc.a(lib_a-int_errno.o)
 .debug_line    0x0000000000000d3c      0x105 c:/intelfpga_lite/18.0/nios2eds/bin/gnu/h-x86_64-mingw32/bin/../lib/gcc/nios2-elf/5.3.0/mno-hw-mul\libgcc.a(lib2-divmod.o)

.debug_frame    0x0000000000000000      0x2f8
 *(.debug_frame)
 .debug_frame   0x0000000000000000       0x4c obj/default/hello_world_small.o
 .debug_frame   0x000000000000004c       0x58 c:/intelfpga_lite/18.0/nios2eds/bin/gnu/h-x86_64-mingw32/bin/../lib/gcc/nios2-elf/5.3.0/mno-hw-mul\libgcc.a(mulsf3.o)
 .debug_frame   0x00000000000000a4       0x20 c:/intelfpga_lite/18.0/nios2eds/bin/gnu/h-x86_64-mingw32/bin/../lib/gcc/nios2-elf/5.3.0/mno-hw-mul\libgcc.a(fixsfsi.o)
 .debug_frame   0x00000000000000c4       0x20 c:/intelfpga_lite/18.0/nios2eds/bin/gnu/h-x86_64-mingw32/bin/../lib/gcc/nios2-elf/5.3.0/mno-hw-mul\libgcc.a(_clzsi2.o)
 .debug_frame   0x00000000000000e4       0x20 c:/intelfpga_lite/18.0/nios2eds/bin/gnu/h-x86_64-mingw32/bin/../lib/gcc/nios2-elf/5.3.0/mno-hw-mul\libgcc.a(lib2-mul.o)
 .debug_frame   0x0000000000000104       0x30 ../reloj_bsp/\libhal_bsp.a(alt_load.o)
 .debug_frame   0x0000000000000134       0x2c ../reloj_bsp/\libhal_bsp.a(alt_main.o)
 .debug_frame   0x0000000000000160       0x20 ../reloj_bsp/\libhal_bsp.a(alt_usleep.o)
 .debug_frame   0x0000000000000180       0x4c ../reloj_bsp/\libhal_bsp.a(alt_sys_init.o)
 .debug_frame   0x00000000000001cc       0x30 ../reloj_bsp/\libhal_bsp.a(alt_busy_sleep.o)
 .debug_frame   0x00000000000001fc       0x20 ../reloj_bsp/\libhal_bsp.a(alt_dcache_flush_all.o)
 .debug_frame   0x000000000000021c       0x20 ../reloj_bsp/\libhal_bsp.a(alt_dev.o)
 .debug_frame   0x000000000000023c       0x2c ../reloj_bsp/\libhal_bsp.a(alt_dev_llist_insert.o)
 .debug_frame   0x0000000000000268       0x20 ../reloj_bsp/\libhal_bsp.a(alt_icache_flush_all.o)
 .debug_frame   0x0000000000000288       0x20 ../reloj_bsp/\libhal_bsp.a(altera_nios2_gen2_irq.o)
 .debug_frame   0x00000000000002a8       0x50 c:/intelfpga_lite/18.0/nios2eds/bin/gnu/h-x86_64-mingw32/bin/../lib/gcc/nios2-elf/5.3.0/mno-hw-mul\libgcc.a(lib2-divmod.o)

.debug_str      0x0000000000000000      0xc93
 *(.debug_str)
 .debug_str     0x0000000000000000      0x121 obj/default/hello_world_small.o
                                        0x178 (size before relaxing)
 .debug_str     0x0000000000000121      0x220 c:/intelfpga_lite/18.0/nios2eds/bin/gnu/h-x86_64-mingw32/bin/../lib/gcc/nios2-elf/5.3.0/mno-hw-mul\libgcc.a(mulsf3.o)
                                        0x2a0 (size before relaxing)
 .debug_str     0x0000000000000341       0x56 c:/intelfpga_lite/18.0/nios2eds/bin/gnu/h-x86_64-mingw32/bin/../lib/gcc/nios2-elf/5.3.0/mno-hw-mul\libgcc.a(fixsfsi.o)
                                        0x219 (size before relaxing)
 .debug_str     0x0000000000000397       0x66 c:/intelfpga_lite/18.0/nios2eds/bin/gnu/h-x86_64-mingw32/bin/../lib/gcc/nios2-elf/5.3.0/mno-hw-mul\libgcc.a(_clzsi2.o)
                                        0x200 (size before relaxing)
 .debug_str     0x00000000000003fd       0x40 c:/intelfpga_lite/18.0/nios2eds/bin/gnu/h-x86_64-mingw32/bin/../lib/gcc/nios2-elf/5.3.0/mno-hw-mul\libgcc.a(lib2-mul.o)
                                        0x193 (size before relaxing)
 .debug_str     0x000000000000043d      0x1e3 c:/intelfpga_lite/18.0/nios2eds/bin/gnu/h-x86_64-mingw32/bin/../lib/gcc/nios2-elf/5.3.0/mno-hw-mul\libgcc.a(_clz.o)
 .debug_str     0x000000000000043d      0x149 ../reloj_bsp/\libhal_bsp.a(alt_load.o)
                                        0x230 (size before relaxing)
 .debug_str     0x0000000000000586       0xb0 ../reloj_bsp/\libhal_bsp.a(alt_main.o)
                                        0x1d2 (size before relaxing)
 .debug_str     0x0000000000000636       0x2f ../reloj_bsp/\libhal_bsp.a(alt_usleep.o)
                                        0x14b (size before relaxing)
 .debug_str     0x0000000000000665      0x25c ../reloj_bsp/\libhal_bsp.a(alt_sys_init.o)
                                        0x400 (size before relaxing)
 .debug_str     0x00000000000008c1       0x33 ../reloj_bsp/\libhal_bsp.a(alt_busy_sleep.o)
                                        0x15f (size before relaxing)
 .debug_str     0x00000000000008f4       0x1f ../reloj_bsp/\libhal_bsp.a(alt_dcache_flush_all.o)
                                        0x149 (size before relaxing)
 .debug_str     0x0000000000000913      0x12c ../reloj_bsp/\libhal_bsp.a(alt_dev.o)
                                        0x2f9 (size before relaxing)
 .debug_str     0x0000000000000a3f       0x4e ../reloj_bsp/\libhal_bsp.a(alt_dev_llist_insert.o)
                                        0x1c0 (size before relaxing)
 .debug_str     0x0000000000000a8d       0x14 ../reloj_bsp/\libhal_bsp.a(alt_errno.o)
                                        0x139 (size before relaxing)
 .debug_str     0x0000000000000aa1       0x1f ../reloj_bsp/\libhal_bsp.a(alt_icache_flush_all.o)
                                        0x149 (size before relaxing)
 .debug_str     0x0000000000000ac0       0x20 ../reloj_bsp/\libhal_bsp.a(altera_nios2_gen2_irq.o)
                                        0x179 (size before relaxing)
 .debug_str     0x0000000000000ae0      0x134 c:/intelfpga_lite/18.0/nios2eds/bin/gnu/h-x86_64-mingw32/bin/../lib/gcc/nios2-elf/5.3.0/../../../../../H-x86_64-mingw32/nios2-elf/lib/mno-hw-mul\libsmallc.a(lib_a-int_errno.o)
                                        0x1d8 (size before relaxing)
 .debug_str     0x0000000000000c14       0x7f c:/intelfpga_lite/18.0/nios2eds/bin/gnu/h-x86_64-mingw32/bin/../lib/gcc/nios2-elf/5.3.0/mno-hw-mul\libgcc.a(lib2-divmod.o)
                                        0x1d2 (size before relaxing)

.debug_loc      0x0000000000000000      0xf8e
 *(.debug_loc)
 .debug_loc     0x0000000000000000       0x8d obj/default/hello_world_small.o
 .debug_loc     0x000000000000008d      0x733 c:/intelfpga_lite/18.0/nios2eds/bin/gnu/h-x86_64-mingw32/bin/../lib/gcc/nios2-elf/5.3.0/mno-hw-mul\libgcc.a(mulsf3.o)
 .debug_loc     0x00000000000007c0       0xc3 c:/intelfpga_lite/18.0/nios2eds/bin/gnu/h-x86_64-mingw32/bin/../lib/gcc/nios2-elf/5.3.0/mno-hw-mul\libgcc.a(fixsfsi.o)
 .debug_loc     0x0000000000000883       0x6b c:/intelfpga_lite/18.0/nios2eds/bin/gnu/h-x86_64-mingw32/bin/../lib/gcc/nios2-elf/5.3.0/mno-hw-mul\libgcc.a(_clzsi2.o)
 .debug_loc     0x00000000000008ee       0x93 c:/intelfpga_lite/18.0/nios2eds/bin/gnu/h-x86_64-mingw32/bin/../lib/gcc/nios2-elf/5.3.0/mno-hw-mul\libgcc.a(lib2-mul.o)
 .debug_loc     0x0000000000000981       0x21 ../reloj_bsp/\libhal_bsp.a(alt_usleep.o)
 .debug_loc     0x00000000000009a2       0x39 ../reloj_bsp/\libhal_bsp.a(alt_sys_init.o)
 .debug_loc     0x00000000000009db       0x67 ../reloj_bsp/\libhal_bsp.a(alt_busy_sleep.o)
 .debug_loc     0x0000000000000a42       0x7e ../reloj_bsp/\libhal_bsp.a(alt_dev_llist_insert.o)
 .debug_loc     0x0000000000000ac0      0x4ce c:/intelfpga_lite/18.0/nios2eds/bin/gnu/h-x86_64-mingw32/bin/../lib/gcc/nios2-elf/5.3.0/mno-hw-mul\libgcc.a(lib2-divmod.o)

.debug_macinfo
 *(.debug_macinfo)

.debug_weaknames
 *(.debug_weaknames)

.debug_funcnames
 *(.debug_funcnames)

.debug_typenames
 *(.debug_typenames)

.debug_varnames
 *(.debug_varnames)

.debug_alt_sim_info
                0x0000000000000000       0x40
 *(.debug_alt_sim_info)
 .debug_alt_sim_info
                0x0000000000000000       0x10 ../reloj_bsp//obj/HAL/src/crt0.o
 .debug_alt_sim_info
                0x0000000000000010       0x30 ../reloj_bsp/\libhal_bsp.a(alt_busy_sleep.o)
                0x0000000000010000                __alt_data_end = 0x10000
                0x0000000000010000                PROVIDE (__alt_stack_pointer, __alt_data_end)
                [!provide]                        PROVIDE (__alt_stack_limit, __alt_stack_base)
                [!provide]                        PROVIDE (__alt_heap_start, end)
                [!provide]                        PROVIDE (__alt_heap_limit, 0x10000)
OUTPUT(reloj.elf elf32-littlenios2)

.debug_ranges   0x0000000000000000      0x268
 .debug_ranges  0x0000000000000000       0x20 ../reloj_bsp//obj/HAL/src/crt0.o
 .debug_ranges  0x0000000000000020       0xa0 obj/default/hello_world_small.o
 .debug_ranges  0x00000000000000c0       0x68 c:/intelfpga_lite/18.0/nios2eds/bin/gnu/h-x86_64-mingw32/bin/../lib/gcc/nios2-elf/5.3.0/mno-hw-mul\libgcc.a(mulsf3.o)
 .debug_ranges  0x0000000000000128       0x30 c:/intelfpga_lite/18.0/nios2eds/bin/gnu/h-x86_64-mingw32/bin/../lib/gcc/nios2-elf/5.3.0/mno-hw-mul\libgcc.a(fixsfsi.o)
 .debug_ranges  0x0000000000000158       0x18 c:/intelfpga_lite/18.0/nios2eds/bin/gnu/h-x86_64-mingw32/bin/../lib/gcc/nios2-elf/5.3.0/mno-hw-mul\libgcc.a(_clzsi2.o)
 .debug_ranges  0x0000000000000170       0x48 ../reloj_bsp/\libhal_bsp.a(alt_load.o)
 .debug_ranges  0x00000000000001b8       0x30 ../reloj_bsp/\libhal_bsp.a(alt_sys_init.o)
 .debug_ranges  0x00000000000001e8       0x20 ../reloj_bsp/\libhal_bsp.a(alt_dev_llist_insert.o)
 .debug_ranges  0x0000000000000208       0x60 c:/intelfpga_lite/18.0/nios2eds/bin/gnu/h-x86_64-mingw32/bin/../lib/gcc/nios2-elf/5.3.0/mno-hw-mul\libgcc.a(lib2-divmod.o)
