Archive member included to satisfy reference by file (symbol)

../reloj_proyecto_bsp/\libhal_bsp.a(alt_load.o)
                              ../reloj_proyecto_bsp//obj/HAL/src/crt0.o (alt_load)
../reloj_proyecto_bsp/\libhal_bsp.a(alt_main.o)
                              ../reloj_proyecto_bsp//obj/HAL/src/crt0.o (alt_main)
../reloj_proyecto_bsp/\libhal_bsp.a(alt_sys_init.o)
                              ../reloj_proyecto_bsp/\libhal_bsp.a(alt_main.o) (alt_irq_init)
../reloj_proyecto_bsp/\libhal_bsp.a(alt_dcache_flush_all.o)
                              ../reloj_proyecto_bsp/\libhal_bsp.a(alt_load.o) (alt_dcache_flush_all)
../reloj_proyecto_bsp/\libhal_bsp.a(alt_dev.o)
                              ../reloj_proyecto_bsp/\libhal_bsp.a(alt_sys_init.o) (alt_dev_list)
../reloj_proyecto_bsp/\libhal_bsp.a(alt_dev_llist_insert.o)
                              ../reloj_proyecto_bsp/\libhal_bsp.a(alt_sys_init.o) (alt_dev_llist_insert)
../reloj_proyecto_bsp/\libhal_bsp.a(alt_errno.o)
                              ../reloj_proyecto_bsp/\libhal_bsp.a(alt_dev_llist_insert.o) (alt_errno)
../reloj_proyecto_bsp/\libhal_bsp.a(alt_icache_flush_all.o)
                              ../reloj_proyecto_bsp/\libhal_bsp.a(alt_load.o) (alt_icache_flush_all)
../reloj_proyecto_bsp/\libhal_bsp.a(altera_nios2_gen2_irq.o)
                              ../reloj_proyecto_bsp/\libhal_bsp.a(alt_sys_init.o) (altera_nios2_gen2_irq_init)
c:/intelfpga_lite/18.0/nios2eds/bin/gnu/h-x86_64-mingw32/bin/../lib/gcc/nios2-elf/5.3.0/../../../../../H-x86_64-mingw32/nios2-elf/lib/mno-hw-mul\libsmallc.a(lib_a-int_errno.o)
                              ../reloj_proyecto_bsp/\libhal_bsp.a(alt_dev_llist_insert.o) (errno)

Allocating common symbols
Common symbol       size              file

errno               0x4               c:/intelfpga_lite/18.0/nios2eds/bin/gnu/h-x86_64-mingw32/bin/../lib/gcc/nios2-elf/5.3.0/../../../../../H-x86_64-mingw32/nios2-elf/lib/mno-hw-mul\libsmallc.a(lib_a-int_errno.o)

Memory Configuration

Name             Origin             Length             Attributes
reset            0x0000000000000000 0x0000000000000020
RAM              0x0000000000000020 0x000000000000ffe0
SHARED_RAM       0x0000000000040000 0x0000000000010000
*default*        0x0000000000000000 0xffffffffffffffff

Linker script and memory map

LOAD ../reloj_proyecto_bsp//obj/HAL/src/crt0.o
LOAD obj/default/hello_world_small.o
LOAD c:/intelfpga_lite/18.0/nios2eds/bin/gnu/h-x86_64-mingw32/bin/../lib/gcc/nios2-elf/5.3.0/../../../../../H-x86_64-mingw32/nios2-elf/lib/mno-hw-mul\libstdc++.a
LOAD c:/intelfpga_lite/18.0/nios2eds/bin/gnu/h-x86_64-mingw32/bin/../lib/gcc/nios2-elf/5.3.0/../../../../../H-x86_64-mingw32/nios2-elf/lib/mno-hw-mul\libm.a
LOAD c:/intelfpga_lite/18.0/nios2eds/bin/gnu/h-x86_64-mingw32/bin/../lib/gcc/nios2-elf/5.3.0/mno-hw-mul\libgcc.a
START GROUP
LOAD c:/intelfpga_lite/18.0/nios2eds/bin/gnu/h-x86_64-mingw32/bin/../lib/gcc/nios2-elf/5.3.0/../../../../../H-x86_64-mingw32/nios2-elf/lib/mno-hw-mul\libsmallc.a
LOAD c:/intelfpga_lite/18.0/nios2eds/bin/gnu/h-x86_64-mingw32/bin/../lib/gcc/nios2-elf/5.3.0/mno-hw-mul\libgcc.a
LOAD ../reloj_proyecto_bsp/\libhal_bsp.a
LOAD c:/intelfpga_lite/18.0/nios2eds/bin/gnu/h-x86_64-mingw32/bin/../lib/gcc/nios2-elf/5.3.0/../../../../../H-x86_64-mingw32/nios2-elf/lib/mno-hw-mul\libm.a
END GROUP
LOAD c:/intelfpga_lite/18.0/nios2eds/bin/gnu/h-x86_64-mingw32/bin/../lib/gcc/nios2-elf/5.3.0/mno-hw-mul\libgcc.a
                0x0000000000000000                __alt_mem_RAM = 0x0
                0x0000000000040000                __alt_mem_SHARED_RAM = 0x40000

.entry          0x0000000000000000       0x20
 *(.entry)
 .entry         0x0000000000000000       0x20 ../reloj_proyecto_bsp//obj/HAL/src/crt0.o
                0x0000000000000000                __reset
                0x000000000000000c                _exit

.exceptions     0x0000000000000020        0x0
                0x0000000000000020                PROVIDE (__ram_exceptions_start, ABSOLUTE (.))
                0x0000000000000020                . = ALIGN (0x20)
 *(.irq)
 *(.exceptions.entry.label)
 *(.exceptions.entry.user)
 *(.exceptions.entry.ecc_fatal)
 *(.exceptions.entry)
 *(.exceptions.irqtest.user)
 *(.exceptions.irqtest)
 *(.exceptions.irqhandler.user)
 *(.exceptions.irqhandler)
 *(.exceptions.irqreturn.user)
 *(.exceptions.irqreturn)
 *(.exceptions.notirq.label)
 *(.exceptions.notirq.user)
 *(.exceptions.notirq)
 *(.exceptions.soft.user)
 *(.exceptions.soft)
 *(.exceptions.unknown.user)
 *(.exceptions.unknown)
 *(.exceptions.exit.label)
 *(.exceptions.exit.user)
 *(.exceptions.exit)
 *(.exceptions)
                0x0000000000000020                PROVIDE (__ram_exceptions_end, ABSOLUTE (.))
                0x0000000000000020                PROVIDE (__flash_exceptions_start, LOADADDR (.exceptions))

.text           0x0000000000000020      0x288
                [!provide]                        PROVIDE (stext, ABSOLUTE (.))
 *(.interp)
 *(.hash)
 *(.dynsym)
 *(.dynstr)
 *(.gnu.version)
 *(.gnu.version_d)
 *(.gnu.version_r)
 *(.rel.init)
 *(.rela.init)
 *(.rel.text .rel.text.* .rel.gnu.linkonce.t.*)
 *(.rela.text .rela.text.* .rela.gnu.linkonce.t.*)
 *(.rel.fini)
 *(.rela.fini)
 *(.rel.rodata .rel.rodata.* .rel.gnu.linkonce.r.*)
 *(.rela.rodata .rela.rodata.* .rela.gnu.linkonce.r.*)
 *(.rel.data .rel.data.* .rel.gnu.linkonce.d.*)
 *(.rela.data .rela.data.* .rela.gnu.linkonce.d.*)
 *(.rel.tdata .rel.tdata.* .rel.gnu.linkonce.td.*)
 *(.rela.tdata .rela.tdata.* .rela.gnu.linkonce.td.*)
 *(.rel.tbss .rel.tbss.* .rel.gnu.linkonce.tb.*)
 *(.rela.tbss .rela.tbss.* .rela.gnu.linkonce.tb.*)
 *(.rel.ctors)
 *(.rela.ctors)
 *(.rel.dtors)
 *(.rela.dtors)
 *(.rel.got)
 *(.rela.got)
 *(.rel.sdata .rel.sdata.* .rel.gnu.linkonce.s.*)
 *(.rela.sdata .rela.sdata.* .rela.gnu.linkonce.s.*)
 *(.rel.sbss .rel.sbss.* .rel.gnu.linkonce.sb.*)
 *(.rela.sbss .rela.sbss.* .rela.gnu.linkonce.sb.*)
 *(.rel.sdata2 .rel.sdata2.* .rel.gnu.linkonce.s2.*)
 *(.rela.sdata2 .rela.sdata2.* .rela.gnu.linkonce.s2.*)
 *(.rel.sbss2 .rel.sbss2.* .rel.gnu.linkonce.sb2.*)
 *(.rela.sbss2 .rela.sbss2.* .rela.gnu.linkonce.sb2.*)
 *(.rel.bss .rel.bss.* .rel.gnu.linkonce.b.*)
 *(.rela.bss .rela.bss.* .rela.gnu.linkonce.b.*)
 *(.rel.plt)
 *(.rela.plt)
 *(.rel.dyn)
 *(.init)
 *(.plt)
 *(.text .stub .text.* .gnu.linkonce.t.*)
 .text          0x0000000000000020       0x3c ../reloj_proyecto_bsp//obj/HAL/src/crt0.o
                0x0000000000000020                _start
 .text          0x000000000000005c        0x0 obj/default/hello_world_small.o
 .text.startup  0x000000000000005c       0x60 obj/default/hello_world_small.o
                0x000000000000005c                main
 .text          0x00000000000000bc       0xe0 ../reloj_proyecto_bsp/\libhal_bsp.a(alt_load.o)
                0x00000000000000bc                alt_load
 .text          0x000000000000019c       0x2c ../reloj_proyecto_bsp/\libhal_bsp.a(alt_main.o)
                0x000000000000019c                alt_main
 .text          0x00000000000001c8       0x5c ../reloj_proyecto_bsp/\libhal_bsp.a(alt_sys_init.o)
                0x00000000000001c8                alt_irq_init
                0x00000000000001e8                alt_sys_init
 .text          0x0000000000000224        0x4 ../reloj_proyecto_bsp/\libhal_bsp.a(alt_dcache_flush_all.o)
                0x0000000000000224                alt_dcache_flush_all
 .text          0x0000000000000228        0x8 ../reloj_proyecto_bsp/\libhal_bsp.a(alt_dev.o)
 .text          0x0000000000000230       0x6c ../reloj_proyecto_bsp/\libhal_bsp.a(alt_dev_llist_insert.o)
                0x0000000000000230                alt_dev_llist_insert
 .text          0x000000000000029c        0x0 ../reloj_proyecto_bsp/\libhal_bsp.a(alt_errno.o)
 .text          0x000000000000029c        0x4 ../reloj_proyecto_bsp/\libhal_bsp.a(alt_icache_flush_all.o)
                0x000000000000029c                alt_icache_flush_all
 .text          0x00000000000002a0        0x8 ../reloj_proyecto_bsp/\libhal_bsp.a(altera_nios2_gen2_irq.o)
                0x00000000000002a0                altera_nios2_gen2_irq_init
 .text          0x00000000000002a8        0x0 c:/intelfpga_lite/18.0/nios2eds/bin/gnu/h-x86_64-mingw32/bin/../lib/gcc/nios2-elf/5.3.0/../../../../../H-x86_64-mingw32/nios2-elf/lib/mno-hw-mul\libsmallc.a(lib_a-int_errno.o)
 *(.gnu.warning.*)
 *(.fini)
                [!provide]                        PROVIDE (__etext, ABSOLUTE (.))
                [!provide]                        PROVIDE (_etext, ABSOLUTE (.))
                [!provide]                        PROVIDE (etext, ABSOLUTE (.))
 *(.eh_frame_hdr)
                0x00000000000002a8                . = ALIGN (0x4)
                [!provide]                        PROVIDE (__preinit_array_start, ABSOLUTE (.))
 *(.preinit_array)
                [!provide]                        PROVIDE (__preinit_array_end, ABSOLUTE (.))
                [!provide]                        PROVIDE (__init_array_start, ABSOLUTE (.))
 *(.init_array)
                [!provide]                        PROVIDE (__init_array_end, ABSOLUTE (.))
                [!provide]                        PROVIDE (__fini_array_start, ABSOLUTE (.))
 *(.fini_array)
                [!provide]                        PROVIDE (__fini_array_end, ABSOLUTE (.))
 *(.eh_frame)
 *(.gcc_except_table .gcc_except_table.*)
 *(.dynamic)
                [!provide]                        PROVIDE (__CTOR_LIST__, ABSOLUTE (.))
 *(.ctors)
 *(SORT(.ctors.*))
                [!provide]                        PROVIDE (__CTOR_END__, ABSOLUTE (.))
                [!provide]                        PROVIDE (__DTOR_LIST__, ABSOLUTE (.))
 *(.dtors)
 *(SORT(.dtors.*))
                [!provide]                        PROVIDE (__DTOR_END__, ABSOLUTE (.))
 *(.jcr)
                0x00000000000002a8                . = ALIGN (0x4)

.rodata         0x0000000000040000       0x2c load address 0x00000000000002a8
                0x0000000000040000                PROVIDE (__ram_rodata_start, ABSOLUTE (.))
                0x0000000000040000                . = ALIGN (0x4)
 *(.rodata .rodata.* .gnu.linkonce.r.*)
 .rodata.str1.4
                0x0000000000040000       0x1e ../reloj_proyecto_bsp/\libhal_bsp.a(alt_sys_init.o)
 *fill*         0x000000000004001e        0x2 
 .rodata.str1.4
                0x0000000000040020        0xc ../reloj_proyecto_bsp/\libhal_bsp.a(alt_dev.o)
                                          0xa (size before relaxing)
 *(.rodata1)
                0x000000000004002c                . = ALIGN (0x4)
                0x000000000004002c                PROVIDE (__ram_rodata_end, ABSOLUTE (.))
                0x00000000000002a8                PROVIDE (__flash_rodata_start, LOADADDR (.rodata))

.rwdata         0x000000000004002c       0xd4 load address 0x00000000000002d4
                0x000000000004002c                PROVIDE (__ram_rwdata_start, ABSOLUTE (.))
                0x000000000004002c                . = ALIGN (0x4)
 *(.got.plt)
 *(.got)
 *(.data1)
 *(.data .data.* .gnu.linkonce.d.*)
 .data          0x000000000004002c        0x0 ../reloj_proyecto_bsp//obj/HAL/src/crt0.o
 .data          0x000000000004002c        0x0 obj/default/hello_world_small.o
 .data          0x000000000004002c        0x0 ../reloj_proyecto_bsp/\libhal_bsp.a(alt_load.o)
 .data          0x000000000004002c        0x0 ../reloj_proyecto_bsp/\libhal_bsp.a(alt_main.o)
 .data          0x000000000004002c       0x60 ../reloj_proyecto_bsp/\libhal_bsp.a(alt_sys_init.o)
 .data          0x000000000004008c        0x0 ../reloj_proyecto_bsp/\libhal_bsp.a(alt_dcache_flush_all.o)
 .data          0x000000000004008c       0x58 ../reloj_proyecto_bsp/\libhal_bsp.a(alt_dev.o)
                0x000000000004008c                alt_fd_list
                0x00000000000400bc                alt_dev_null
 .data          0x00000000000400e4        0x0 ../reloj_proyecto_bsp/\libhal_bsp.a(alt_dev_llist_insert.o)
 .data          0x00000000000400e4        0x0 ../reloj_proyecto_bsp/\libhal_bsp.a(alt_errno.o)
 .data          0x00000000000400e4        0x0 ../reloj_proyecto_bsp/\libhal_bsp.a(alt_icache_flush_all.o)
 .data          0x00000000000400e4        0x0 ../reloj_proyecto_bsp/\libhal_bsp.a(altera_nios2_gen2_irq.o)
 .data          0x00000000000400e4        0x0 c:/intelfpga_lite/18.0/nios2eds/bin/gnu/h-x86_64-mingw32/bin/../lib/gcc/nios2-elf/5.3.0/../../../../../H-x86_64-mingw32/nios2-elf/lib/mno-hw-mul\libsmallc.a(lib_a-int_errno.o)
                0x00000000000480e4                _gp = ABSOLUTE ((. + 0x8000))
                [!provide]                        PROVIDE (gp, _gp)
 *(.rwdata .rwdata.*)
 *(.sdata .sdata.* .gnu.linkonce.s.*)
 .sdata         0x00000000000400e4        0x4 ../reloj_proyecto_bsp/\libhal_bsp.a(alt_sys_init.o)
                0x00000000000400e4                UART
 .sdata         0x00000000000400e8       0x14 ../reloj_proyecto_bsp/\libhal_bsp.a(alt_dev.o)
                0x00000000000400e8                alt_max_fd
                0x00000000000400ec                alt_dev_list
                0x00000000000400f4                alt_fs_list
 .sdata         0x00000000000400fc        0x4 ../reloj_proyecto_bsp/\libhal_bsp.a(alt_errno.o)
                0x00000000000400fc                alt_errno
 *(.sdata2 .sdata2.* .gnu.linkonce.s2.*)
                0x0000000000040100                . = ALIGN (0x4)
                0x0000000000040100                _edata = ABSOLUTE (.)
                [!provide]                        PROVIDE (edata, ABSOLUTE (.))
                0x0000000000040100                PROVIDE (__ram_rwdata_end, ABSOLUTE (.))
                0x00000000000002d4                PROVIDE (__flash_rwdata_start, LOADADDR (.rwdata))

.bss            0x0000000000040100       0x10 load address 0x00000000000003a8
                0x0000000000040100                __bss_start = ABSOLUTE (.)
                [!provide]                        PROVIDE (__sbss_start, ABSOLUTE (.))
                [!provide]                        PROVIDE (___sbss_start, ABSOLUTE (.))
 *(.dynsbss)
 *(.sbss .sbss.* .gnu.linkonce.sb.*)
 .sbss          0x0000000000040100        0xc ../reloj_proyecto_bsp/\libhal_bsp.a(alt_main.o)
                0x0000000000040100                alt_envp
                0x0000000000040104                alt_argv
                0x0000000000040108                alt_argc
 .sbss          0x000000000004010c        0x4 c:/intelfpga_lite/18.0/nios2eds/bin/gnu/h-x86_64-mingw32/bin/../lib/gcc/nios2-elf/5.3.0/../../../../../H-x86_64-mingw32/nios2-elf/lib/mno-hw-mul\libsmallc.a(lib_a-int_errno.o)
                0x000000000004010c                errno
 *(.sbss2 .sbss2.* .gnu.linkonce.sb2.*)
 *(.scommon)
                [!provide]                        PROVIDE (__sbss_end, ABSOLUTE (.))
                [!provide]                        PROVIDE (___sbss_end, ABSOLUTE (.))
 *(.dynbss)
 *(.bss .bss.* .gnu.linkonce.b.*)
 .bss           0x0000000000040110        0x0 ../reloj_proyecto_bsp//obj/HAL/src/crt0.o
 .bss           0x0000000000040110        0x0 obj/default/hello_world_small.o
 .bss           0x0000000000040110        0x0 ../reloj_proyecto_bsp/\libhal_bsp.a(alt_load.o)
 .bss           0x0000000000040110        0x0 ../reloj_proyecto_bsp/\libhal_bsp.a(alt_main.o)
 .bss           0x0000000000040110        0x0 ../reloj_proyecto_bsp/\libhal_bsp.a(alt_sys_init.o)
 .bss           0x0000000000040110        0x0 ../reloj_proyecto_bsp/\libhal_bsp.a(alt_dcache_flush_all.o)
 .bss           0x0000000000040110        0x0 ../reloj_proyecto_bsp/\libhal_bsp.a(alt_dev.o)
 .bss           0x0000000000040110        0x0 ../reloj_proyecto_bsp/\libhal_bsp.a(alt_dev_llist_insert.o)
 .bss           0x0000000000040110        0x0 ../reloj_proyecto_bsp/\libhal_bsp.a(alt_errno.o)
 .bss           0x0000000000040110        0x0 ../reloj_proyecto_bsp/\libhal_bsp.a(alt_icache_flush_all.o)
 .bss           0x0000000000040110        0x0 ../reloj_proyecto_bsp/\libhal_bsp.a(altera_nios2_gen2_irq.o)
 .bss           0x0000000000040110        0x0 c:/intelfpga_lite/18.0/nios2eds/bin/gnu/h-x86_64-mingw32/bin/../lib/gcc/nios2-elf/5.3.0/../../../../../H-x86_64-mingw32/nios2-elf/lib/mno-hw-mul\libsmallc.a(lib_a-int_errno.o)
 *(COMMON)
                0x0000000000040110                . = ALIGN (0x4)
                0x0000000000040110                __bss_end = ABSOLUTE (.)

.RAM            0x00000000000003a8        0x0
                [!provide]                        PROVIDE (_alt_partition_RAM_start, ABSOLUTE (.))
 *(.RAM .RAM. RAM.*)
                0x00000000000003a8                . = ALIGN (0x4)
                [!provide]                        PROVIDE (_alt_partition_RAM_end, ABSOLUTE (.))
                [!provide]                        PROVIDE (_alt_partition_RAM_load_addr, LOADADDR (.RAM))

.SHARED_RAM     0x0000000000040110        0x0 load address 0x00000000000003a8
                [!provide]                        PROVIDE (_alt_partition_SHARED_RAM_start, ABSOLUTE (.))
 *(.SHARED_RAM .SHARED_RAM. SHARED_RAM.*)
                0x0000000000040110                . = ALIGN (0x4)
                [!provide]                        PROVIDE (_alt_partition_SHARED_RAM_end, ABSOLUTE (.))
                0x0000000000040110                _end = ABSOLUTE (.)
                0x0000000000040110                end = ABSOLUTE (.)
                0x0000000000040110                __alt_stack_base = ABSOLUTE (.)
                [!provide]                        PROVIDE (_alt_partition_SHARED_RAM_load_addr, LOADADDR (.SHARED_RAM))

.stab
 *(.stab)

.stabstr
 *(.stabstr)

.stab.excl
 *(.stab.excl)

.stab.exclstr
 *(.stab.exclstr)

.stab.index
 *(.stab.index)

.stab.indexstr
 *(.stab.indexstr)

.comment        0x0000000000000000       0x23
 *(.comment)
 .comment       0x0000000000000000       0x23 obj/default/hello_world_small.o
                                         0x24 (size before relaxing)
 .comment       0x0000000000000023       0x24 ../reloj_proyecto_bsp/\libhal_bsp.a(alt_load.o)
 .comment       0x0000000000000023       0x24 ../reloj_proyecto_bsp/\libhal_bsp.a(alt_main.o)
 .comment       0x0000000000000023       0x24 ../reloj_proyecto_bsp/\libhal_bsp.a(alt_sys_init.o)
 .comment       0x0000000000000023       0x24 ../reloj_proyecto_bsp/\libhal_bsp.a(alt_dcache_flush_all.o)
 .comment       0x0000000000000023       0x24 ../reloj_proyecto_bsp/\libhal_bsp.a(alt_dev.o)
 .comment       0x0000000000000023       0x24 ../reloj_proyecto_bsp/\libhal_bsp.a(alt_dev_llist_insert.o)
 .comment       0x0000000000000023       0x24 ../reloj_proyecto_bsp/\libhal_bsp.a(alt_errno.o)
 .comment       0x0000000000000023       0x24 ../reloj_proyecto_bsp/\libhal_bsp.a(alt_icache_flush_all.o)
 .comment       0x0000000000000023       0x24 ../reloj_proyecto_bsp/\libhal_bsp.a(altera_nios2_gen2_irq.o)
 .comment       0x0000000000000023       0x24 c:/intelfpga_lite/18.0/nios2eds/bin/gnu/h-x86_64-mingw32/bin/../lib/gcc/nios2-elf/5.3.0/../../../../../H-x86_64-mingw32/nios2-elf/lib/mno-hw-mul\libsmallc.a(lib_a-int_errno.o)

.debug
 *(.debug)

.line
 *(.line)

.debug_srcinfo
 *(.debug_srcinfo)

.debug_sfnames
 *(.debug_sfnames)

.debug_aranges  0x0000000000000000      0x178
 *(.debug_aranges)
 .debug_aranges
                0x0000000000000000       0x28 ../reloj_proyecto_bsp//obj/HAL/src/crt0.o
 .debug_aranges
                0x0000000000000028       0x20 obj/default/hello_world_small.o
 .debug_aranges
                0x0000000000000048       0x20 ../reloj_proyecto_bsp/\libhal_bsp.a(alt_load.o)
 .debug_aranges
                0x0000000000000068       0x20 ../reloj_proyecto_bsp/\libhal_bsp.a(alt_main.o)
 .debug_aranges
                0x0000000000000088       0x20 ../reloj_proyecto_bsp/\libhal_bsp.a(alt_sys_init.o)
 .debug_aranges
                0x00000000000000a8       0x20 ../reloj_proyecto_bsp/\libhal_bsp.a(alt_dcache_flush_all.o)
 .debug_aranges
                0x00000000000000c8       0x20 ../reloj_proyecto_bsp/\libhal_bsp.a(alt_dev.o)
 .debug_aranges
                0x00000000000000e8       0x20 ../reloj_proyecto_bsp/\libhal_bsp.a(alt_dev_llist_insert.o)
 .debug_aranges
                0x0000000000000108       0x18 ../reloj_proyecto_bsp/\libhal_bsp.a(alt_errno.o)
 .debug_aranges
                0x0000000000000120       0x20 ../reloj_proyecto_bsp/\libhal_bsp.a(alt_icache_flush_all.o)
 .debug_aranges
                0x0000000000000140       0x20 ../reloj_proyecto_bsp/\libhal_bsp.a(altera_nios2_gen2_irq.o)
 .debug_aranges
                0x0000000000000160       0x18 c:/intelfpga_lite/18.0/nios2eds/bin/gnu/h-x86_64-mingw32/bin/../lib/gcc/nios2-elf/5.3.0/../../../../../H-x86_64-mingw32/nios2-elf/lib/mno-hw-mul\libsmallc.a(lib_a-int_errno.o)

.debug_pubnames
 *(.debug_pubnames)

.debug_info     0x0000000000000000     0x1386
 *(.debug_info .gnu.linkonce.wi.*)
 .debug_info    0x0000000000000000       0x85 ../reloj_proyecto_bsp//obj/HAL/src/crt0.o
 .debug_info    0x0000000000000085      0x116 obj/default/hello_world_small.o
 .debug_info    0x000000000000019b      0x1c9 ../reloj_proyecto_bsp/\libhal_bsp.a(alt_load.o)
 .debug_info    0x0000000000000364      0x18f ../reloj_proyecto_bsp/\libhal_bsp.a(alt_main.o)
 .debug_info    0x00000000000004f3      0x53b ../reloj_proyecto_bsp/\libhal_bsp.a(alt_sys_init.o)
 .debug_info    0x0000000000000a2e       0x92 ../reloj_proyecto_bsp/\libhal_bsp.a(alt_dcache_flush_all.o)
 .debug_info    0x0000000000000ac0      0x499 ../reloj_proyecto_bsp/\libhal_bsp.a(alt_dev.o)
 .debug_info    0x0000000000000f59      0x1b3 ../reloj_proyecto_bsp/\libhal_bsp.a(alt_dev_llist_insert.o)
 .debug_info    0x000000000000110c       0xa6 ../reloj_proyecto_bsp/\libhal_bsp.a(alt_errno.o)
 .debug_info    0x00000000000011b2       0x92 ../reloj_proyecto_bsp/\libhal_bsp.a(alt_icache_flush_all.o)
 .debug_info    0x0000000000001244       0xb8 ../reloj_proyecto_bsp/\libhal_bsp.a(altera_nios2_gen2_irq.o)
 .debug_info    0x00000000000012fc       0x8a c:/intelfpga_lite/18.0/nios2eds/bin/gnu/h-x86_64-mingw32/bin/../lib/gcc/nios2-elf/5.3.0/../../../../../H-x86_64-mingw32/nios2-elf/lib/mno-hw-mul\libsmallc.a(lib_a-int_errno.o)

.debug_abbrev   0x0000000000000000      0x7c7
 *(.debug_abbrev)
 .debug_abbrev  0x0000000000000000       0x12 ../reloj_proyecto_bsp//obj/HAL/src/crt0.o
 .debug_abbrev  0x0000000000000012       0x95 obj/default/hello_world_small.o
 .debug_abbrev  0x00000000000000a7       0xd8 ../reloj_proyecto_bsp/\libhal_bsp.a(alt_load.o)
 .debug_abbrev  0x000000000000017f       0xf5 ../reloj_proyecto_bsp/\libhal_bsp.a(alt_main.o)
 .debug_abbrev  0x0000000000000274      0x1e2 ../reloj_proyecto_bsp/\libhal_bsp.a(alt_sys_init.o)
 .debug_abbrev  0x0000000000000456       0x42 ../reloj_proyecto_bsp/\libhal_bsp.a(alt_dcache_flush_all.o)
 .debug_abbrev  0x0000000000000498       0xd9 ../reloj_proyecto_bsp/\libhal_bsp.a(alt_dev.o)
 .debug_abbrev  0x0000000000000571      0x11c ../reloj_proyecto_bsp/\libhal_bsp.a(alt_dev_llist_insert.o)
 .debug_abbrev  0x000000000000068d       0x5a ../reloj_proyecto_bsp/\libhal_bsp.a(alt_errno.o)
 .debug_abbrev  0x00000000000006e7       0x42 ../reloj_proyecto_bsp/\libhal_bsp.a(alt_icache_flush_all.o)
 .debug_abbrev  0x0000000000000729       0x67 ../reloj_proyecto_bsp/\libhal_bsp.a(altera_nios2_gen2_irq.o)
 .debug_abbrev  0x0000000000000790       0x37 c:/intelfpga_lite/18.0/nios2eds/bin/gnu/h-x86_64-mingw32/bin/../lib/gcc/nios2-elf/5.3.0/../../../../../H-x86_64-mingw32/nios2-elf/lib/mno-hw-mul\libsmallc.a(lib_a-int_errno.o)

.debug_line     0x0000000000000000      0x879
 *(.debug_line)
 .debug_line    0x0000000000000000       0x66 ../reloj_proyecto_bsp//obj/HAL/src/crt0.o
 .debug_line    0x0000000000000066      0x13e obj/default/hello_world_small.o
 .debug_line    0x00000000000001a4       0xa4 ../reloj_proyecto_bsp/\libhal_bsp.a(alt_load.o)
 .debug_line    0x0000000000000248       0xea ../reloj_proyecto_bsp/\libhal_bsp.a(alt_main.o)
 .debug_line    0x0000000000000332      0x1a1 ../reloj_proyecto_bsp/\libhal_bsp.a(alt_sys_init.o)
 .debug_line    0x00000000000004d3       0x4e ../reloj_proyecto_bsp/\libhal_bsp.a(alt_dcache_flush_all.o)
 .debug_line    0x0000000000000521       0xf6 ../reloj_proyecto_bsp/\libhal_bsp.a(alt_dev.o)
 .debug_line    0x0000000000000617       0xd8 ../reloj_proyecto_bsp/\libhal_bsp.a(alt_dev_llist_insert.o)
 .debug_line    0x00000000000006ef       0x51 ../reloj_proyecto_bsp/\libhal_bsp.a(alt_errno.o)
 .debug_line    0x0000000000000740       0x4e ../reloj_proyecto_bsp/\libhal_bsp.a(alt_icache_flush_all.o)
 .debug_line    0x000000000000078e       0x8c ../reloj_proyecto_bsp/\libhal_bsp.a(altera_nios2_gen2_irq.o)
 .debug_line    0x000000000000081a       0x5f c:/intelfpga_lite/18.0/nios2eds/bin/gnu/h-x86_64-mingw32/bin/../lib/gcc/nios2-elf/5.3.0/../../../../../H-x86_64-mingw32/nios2-elf/lib/mno-hw-mul\libsmallc.a(lib_a-int_errno.o)

.debug_frame    0x0000000000000000      0x174
 *(.debug_frame)
 .debug_frame   0x0000000000000000       0x20 obj/default/hello_world_small.o
 .debug_frame   0x0000000000000020       0x30 ../reloj_proyecto_bsp/\libhal_bsp.a(alt_load.o)
 .debug_frame   0x0000000000000050       0x2c ../reloj_proyecto_bsp/\libhal_bsp.a(alt_main.o)
 .debug_frame   0x000000000000007c       0x4c ../reloj_proyecto_bsp/\libhal_bsp.a(alt_sys_init.o)
 .debug_frame   0x00000000000000c8       0x20 ../reloj_proyecto_bsp/\libhal_bsp.a(alt_dcache_flush_all.o)
 .debug_frame   0x00000000000000e8       0x20 ../reloj_proyecto_bsp/\libhal_bsp.a(alt_dev.o)
 .debug_frame   0x0000000000000108       0x2c ../reloj_proyecto_bsp/\libhal_bsp.a(alt_dev_llist_insert.o)
 .debug_frame   0x0000000000000134       0x20 ../reloj_proyecto_bsp/\libhal_bsp.a(alt_icache_flush_all.o)
 .debug_frame   0x0000000000000154       0x20 ../reloj_proyecto_bsp/\libhal_bsp.a(altera_nios2_gen2_irq.o)

.debug_str      0x0000000000000000      0x8d4
 *(.debug_str)
 .debug_str     0x0000000000000000      0x13c obj/default/hello_world_small.o
                                        0x182 (size before relaxing)
 .debug_str     0x000000000000013c      0x16c ../reloj_proyecto_bsp/\libhal_bsp.a(alt_load.o)
                                        0x253 (size before relaxing)
 .debug_str     0x00000000000002a8       0xb0 ../reloj_proyecto_bsp/\libhal_bsp.a(alt_main.o)
                                        0x1f5 (size before relaxing)
 .debug_str     0x0000000000000358      0x25c ../reloj_proyecto_bsp/\libhal_bsp.a(alt_sys_init.o)
                                        0x423 (size before relaxing)
 .debug_str     0x00000000000005b4       0x1f ../reloj_proyecto_bsp/\libhal_bsp.a(alt_dcache_flush_all.o)
                                        0x16c (size before relaxing)
 .debug_str     0x00000000000005d3      0x12c ../reloj_proyecto_bsp/\libhal_bsp.a(alt_dev.o)
                                        0x31c (size before relaxing)
 .debug_str     0x00000000000006ff       0x4e ../reloj_proyecto_bsp/\libhal_bsp.a(alt_dev_llist_insert.o)
                                        0x1e3 (size before relaxing)
 .debug_str     0x000000000000074d       0x14 ../reloj_proyecto_bsp/\libhal_bsp.a(alt_errno.o)
                                        0x15c (size before relaxing)
 .debug_str     0x0000000000000761       0x1f ../reloj_proyecto_bsp/\libhal_bsp.a(alt_icache_flush_all.o)
                                        0x16c (size before relaxing)
 .debug_str     0x0000000000000780       0x20 ../reloj_proyecto_bsp/\libhal_bsp.a(altera_nios2_gen2_irq.o)
                                        0x19c (size before relaxing)
 .debug_str     0x00000000000007a0      0x134 c:/intelfpga_lite/18.0/nios2eds/bin/gnu/h-x86_64-mingw32/bin/../lib/gcc/nios2-elf/5.3.0/../../../../../H-x86_64-mingw32/nios2-elf/lib/mno-hw-mul\libsmallc.a(lib_a-int_errno.o)
                                        0x1d8 (size before relaxing)

.debug_loc      0x0000000000000000       0xf1
 *(.debug_loc)
 .debug_loc     0x0000000000000000       0x3a obj/default/hello_world_small.o
 .debug_loc     0x000000000000003a       0x39 ../reloj_proyecto_bsp/\libhal_bsp.a(alt_sys_init.o)
 .debug_loc     0x0000000000000073       0x7e ../reloj_proyecto_bsp/\libhal_bsp.a(alt_dev_llist_insert.o)

.debug_macinfo
 *(.debug_macinfo)

.debug_weaknames
 *(.debug_weaknames)

.debug_funcnames
 *(.debug_funcnames)

.debug_typenames
 *(.debug_typenames)

.debug_varnames
 *(.debug_varnames)

.debug_alt_sim_info
                0x0000000000000000       0x10
 *(.debug_alt_sim_info)
 .debug_alt_sim_info
                0x0000000000000000       0x10 ../reloj_proyecto_bsp//obj/HAL/src/crt0.o
                0x0000000000050000                __alt_data_end = 0x50000
                0x0000000000050000                PROVIDE (__alt_stack_pointer, __alt_data_end)
                [!provide]                        PROVIDE (__alt_stack_limit, __alt_stack_base)
                [!provide]                        PROVIDE (__alt_heap_start, end)
                [!provide]                        PROVIDE (__alt_heap_limit, 0x50000)
OUTPUT(reloj_proyecto.elf elf32-littlenios2)

.debug_ranges   0x0000000000000000       0xe8
 .debug_ranges  0x0000000000000000       0x20 ../reloj_proyecto_bsp//obj/HAL/src/crt0.o
 .debug_ranges  0x0000000000000020       0x30 obj/default/hello_world_small.o
 .debug_ranges  0x0000000000000050       0x48 ../reloj_proyecto_bsp/\libhal_bsp.a(alt_load.o)
 .debug_ranges  0x0000000000000098       0x30 ../reloj_proyecto_bsp/\libhal_bsp.a(alt_sys_init.o)
 .debug_ranges  0x00000000000000c8       0x20 ../reloj_proyecto_bsp/\libhal_bsp.a(alt_dev_llist_insert.o)
